../Core/Src/ssd1306.c:51:9:SSD1306_Init	16	static
../Core/Src/ssd1306.c:137:6:SSD1306_UpdateScreen	16	static
../Core/Src/ssd1306.c:150:6:SSD1306_ToggleInvert	16	static
../Core/Src/ssd1306.c:162:6:SSD1306_Fill	16	static
../Core/Src/ssd1306.c:167:6:SSD1306_DrawPixel	16	static
../Core/Src/ssd1306.c:189:6:SSD1306_GotoXY	16	static
../Core/Src/ssd1306.c:195:6:SSD1306_Putc	32	static
../Core/Src/ssd1306.c:226:6:SSD1306_Puts	24	static
../Core/Src/ssd1306.c:244:6:SSD1306_DrawLine	40	static
../Core/Src/ssd1306.c:328:6:SSD1306_ScrollRight	16	static
../Core/Src/ssd1306.c:341:6:SSD1306_ScrollLeft	16	static
../Core/Src/ssd1306.c:354:6:SSD1306_Scrolldiagright	16	static
../Core/Src/ssd1306.c:370:6:SSD1306_Scrolldiagleft	16	static
../Core/Src/ssd1306.c:386:6:SSD1306_Stopscroll	8	static
../Core/Src/ssd1306.c:393:6:SSD1306_InvertDisplay	16	static
../Core/Src/ssd1306.c:401:6:SSD1306_Clear	8	static
../Core/Src/ssd1306.c:406:6:SSD1306_ON	8	static
../Core/Src/ssd1306.c:411:6:SSD1306_OFF	8	static
../Core/Src/ssd1306.c:427:6:ssd1306_I2C_Init	16	static
../Core/Src/ssd1306.c:439:6:ssd1306_I2C_WriteMulti	296	static
../Core/Src/ssd1306.c:449:6:ssd1306_I2C_Write	32	static
