../Dependencies/src/UartBootloaderProtocolDepenedencies.c:16:6:TransmittDataToHost	24	static
../Dependencies/src/UartBootloaderProtocolDepenedencies.c:28:6:ResetReceivedDataBuffer	8	static
../Dependencies/src/UartBootloaderProtocolDepenedencies.c:33:6:ResetTransmittedDataBuffer	8	static
../Dependencies/src/UartBootloaderProtocolDepenedencies.c:38:6:InitializeDataBuffer	8	static
../Dependencies/src/UartBootloaderProtocolDepenedencies.c:44:6:ResetDataBuffer	8	static
../Dependencies/src/UartBootloaderProtocolDepenedencies.c:50:14:ReceiveDataAndPutInBuffer	16	static
