22:13:13 **** Incremental Build of configuration Debug for project Bootloader_STM32 ****
make -j8 all 
arm-none-eabi-size  Bootloader_STM32.elf 
   text	   data	    bss	    dec	    hex	filename
  16996	     24	   2896	  19916	   4dcc	Bootloader_STM32.elf
Finished building: default.size.stdout
 
22:13:37 **** Incremental Build of configuration Debug for project Bootloader_STM32 ****
make -j8 all 
arm-none-eabi-size  Bootloader_STM32.elf 
   text	   data	    bss	    dec	    hex	filename
  16996	     24	   2896	  19916	   4dcc	Bootloader_STM32.elf
Finished building: default.size.stdout
 
