Archive member included to satisfy reference by file (symbol)

C:/ST/STM32CubeIDE_1.19.0/STM32CubeIDE/plugins/com.st.stm32cube.ide.mcu.externaltools.gnu-tools-for-stm32.13.3.rel1.win32_1.0.100.202509120712/tools/bin/../lib/gcc/arm-none-eabi/13.3.1/../../../../arm-none-eabi/lib/thumb/v7-m/nofp\libc_nano.a(libc_a-exit.o)
                              C:/ST/STM32CubeIDE_1.19.0/STM32CubeIDE/plugins/com.st.stm32cube.ide.mcu.externaltools.gnu-tools-for-stm32.13.3.rel1.win32_1.0.100.202509120712/tools/bin/../lib/gcc/arm-none-eabi/13.3.1/../../../../arm-none-eabi/lib/thumb/v7-m/nofp/crt0.o (exit)
C:/ST/STM32CubeIDE_1.19.0/STM32CubeIDE/plugins/com.st.stm32cube.ide.mcu.externaltools.gnu-tools-for-stm32.13.3.rel1.win32_1.0.100.202509120712/tools/bin/../lib/gcc/arm-none-eabi/13.3.1/../../../../arm-none-eabi/lib/thumb/v7-m/nofp\libc_nano.a(libc_a-findfp.o)
                              C:/ST/STM32CubeIDE_1.19.0/STM32CubeIDE/plugins/com.st.stm32cube.ide.mcu.externaltools.gnu-tools-for-stm32.13.3.rel1.win32_1.0.100.202509120712/tools/bin/../lib/gcc/arm-none-eabi/13.3.1/../../../../arm-none-eabi/lib/thumb/v7-m/nofp\libc_nano.a(libc_a-exit.o) (__stdio_exit_handler)
C:/ST/STM32CubeIDE_1.19.0/STM32CubeIDE/plugins/com.st.stm32cube.ide.mcu.externaltools.gnu-tools-for-stm32.13.3.rel1.win32_1.0.100.202509120712/tools/bin/../lib/gcc/arm-none-eabi/13.3.1/../../../../arm-none-eabi/lib/thumb/v7-m/nofp\libc_nano.a(libc_a-fwalk.o)
                              C:/ST/STM32CubeIDE_1.19.0/STM32CubeIDE/plugins/com.st.stm32cube.ide.mcu.externaltools.gnu-tools-for-stm32.13.3.rel1.win32_1.0.100.202509120712/tools/bin/../lib/gcc/arm-none-eabi/13.3.1/../../../../arm-none-eabi/lib/thumb/v7-m/nofp\libc_nano.a(libc_a-findfp.o) (_fwalk_sglue)
C:/ST/STM32CubeIDE_1.19.0/STM32CubeIDE/plugins/com.st.stm32cube.ide.mcu.externaltools.gnu-tools-for-stm32.13.3.rel1.win32_1.0.100.202509120712/tools/bin/../lib/gcc/arm-none-eabi/13.3.1/../../../../arm-none-eabi/lib/thumb/v7-m/nofp\libc_nano.a(libc_a-stdio.o)
                              C:/ST/STM32CubeIDE_1.19.0/STM32CubeIDE/plugins/com.st.stm32cube.ide.mcu.externaltools.gnu-tools-for-stm32.13.3.rel1.win32_1.0.100.202509120712/tools/bin/../lib/gcc/arm-none-eabi/13.3.1/../../../../arm-none-eabi/lib/thumb/v7-m/nofp\libc_nano.a(libc_a-findfp.o) (__sread)
C:/ST/STM32CubeIDE_1.19.0/STM32CubeIDE/plugins/com.st.stm32cube.ide.mcu.externaltools.gnu-tools-for-stm32.13.3.rel1.win32_1.0.100.202509120712/tools/bin/../lib/gcc/arm-none-eabi/13.3.1/../../../../arm-none-eabi/lib/thumb/v7-m/nofp\libc_nano.a(libc_a-memset.o)
                              C:/ST/STM32CubeIDE_1.19.0/STM32CubeIDE/plugins/com.st.stm32cube.ide.mcu.externaltools.gnu-tools-for-stm32.13.3.rel1.win32_1.0.100.202509120712/tools/bin/../lib/gcc/arm-none-eabi/13.3.1/../../../../arm-none-eabi/lib/thumb/v7-m/nofp/crt0.o (memset)
C:/ST/STM32CubeIDE_1.19.0/STM32CubeIDE/plugins/com.st.stm32cube.ide.mcu.externaltools.gnu-tools-for-stm32.13.3.rel1.win32_1.0.100.202509120712/tools/bin/../lib/gcc/arm-none-eabi/13.3.1/../../../../arm-none-eabi/lib/thumb/v7-m/nofp\libc_nano.a(libc_a-closer.o)
                              C:/ST/STM32CubeIDE_1.19.0/STM32CubeIDE/plugins/com.st.stm32cube.ide.mcu.externaltools.gnu-tools-for-stm32.13.3.rel1.win32_1.0.100.202509120712/tools/bin/../lib/gcc/arm-none-eabi/13.3.1/../../../../arm-none-eabi/lib/thumb/v7-m/nofp\libc_nano.a(libc_a-stdio.o) (_close_r)
C:/ST/STM32CubeIDE_1.19.0/STM32CubeIDE/plugins/com.st.stm32cube.ide.mcu.externaltools.gnu-tools-for-stm32.13.3.rel1.win32_1.0.100.202509120712/tools/bin/../lib/gcc/arm-none-eabi/13.3.1/../../../../arm-none-eabi/lib/thumb/v7-m/nofp\libc_nano.a(libc_a-reent.o)
                              C:/ST/STM32CubeIDE_1.19.0/STM32CubeIDE/plugins/com.st.stm32cube.ide.mcu.externaltools.gnu-tools-for-stm32.13.3.rel1.win32_1.0.100.202509120712/tools/bin/../lib/gcc/arm-none-eabi/13.3.1/../../../../arm-none-eabi/lib/thumb/v7-m/nofp\libc_nano.a(libc_a-closer.o) (errno)
C:/ST/STM32CubeIDE_1.19.0/STM32CubeIDE/plugins/com.st.stm32cube.ide.mcu.externaltools.gnu-tools-for-stm32.13.3.rel1.win32_1.0.100.202509120712/tools/bin/../lib/gcc/arm-none-eabi/13.3.1/../../../../arm-none-eabi/lib/thumb/v7-m/nofp\libc_nano.a(libc_a-impure.o)
                              C:/ST/STM32CubeIDE_1.19.0/STM32CubeIDE/plugins/com.st.stm32cube.ide.mcu.externaltools.gnu-tools-for-stm32.13.3.rel1.win32_1.0.100.202509120712/tools/bin/../lib/gcc/arm-none-eabi/13.3.1/../../../../arm-none-eabi/lib/thumb/v7-m/nofp\libc_nano.a(libc_a-reent.o) (_impure_ptr)
C:/ST/STM32CubeIDE_1.19.0/STM32CubeIDE/plugins/com.st.stm32cube.ide.mcu.externaltools.gnu-tools-for-stm32.13.3.rel1.win32_1.0.100.202509120712/tools/bin/../lib/gcc/arm-none-eabi/13.3.1/../../../../arm-none-eabi/lib/thumb/v7-m/nofp\libc_nano.a(libc_a-lseekr.o)
[...]
Memory Configuration

Name             Origin             Length             Attributes
RAM              0x20000000         0x00005000         xrw
FLASH            0x08000000         0x00005000         xr
*default*        0x00000000         0xffffffff

Linker script and memory map

LOAD C:/ST/STM32CubeIDE_1.19.0/STM32CubeIDE/plugins/com.st.stm32cube.ide.mcu.externaltools.gnu-tools-for-stm32.13.3.rel1.win32_1.0.100.202509120712/tools/bin/../lib/gcc/arm-none-eabi/13.3.1/thumb/v7-m/nofp/crti.o
LOAD C:/ST/STM32CubeIDE_1.19.0/STM32CubeIDE/plugins/com.st.stm32cube.ide.mcu.externaltools.gnu-tools-for-stm32.13.3.rel1.win32_1.0.100.202509120712/tools/bin/../lib/gcc/arm-none-eabi/13.3.1/thumb/v7-m/nofp/crtbegin.o
LOAD C:/ST/STM32CubeIDE_1.19.0/STM32CubeIDE/plugins/com.st.stm32cube.ide.mcu.externaltools.gnu-tools-for-stm32.13.3.rel1.win32_1.0.100.202509120712/tools/bin/../lib/gcc/arm-none-eabi/13.3.1/../../../../arm-none-eabi/lib/thumb/v7-m/nofp/crt0.o
LOAD ./Core/Src/fonts.o
LOAD ./Core/Src/main.o
LOAD ./Core/Src/ssd1306.o
LOAD ./Core/Src/stm32f1xx_hal_msp.o
LOAD ./Core/Src/stm32f1xx_it.o
LOAD ./Core/Src/syscalls.o
LOAD ./Core/Src/sysmem.o
LOAD ./Core/Src/system_stm32f1xx.o
LOAD ./Core/Startup/startup_stm32f103c8tx.o
LOAD ./Cores/src/UartBootloaderProtocolCore.o
LOAD ./Dependencies/src/UartBootloaderProtocolDepenedencies.o
LOAD ./Drivers/STM32F1xx_HAL_Driver/Src/stm32f1xx_hal.o
LOAD ./Drivers/STM32F1xx_HAL_Driver/Src/stm32f1xx_hal_cortex.o
LOAD ./Drivers/STM32F1xx_HAL_Driver/Src/stm32f1xx_hal_dma.o
LOAD ./Drivers/STM32F1xx_HAL_Driver/Src/stm32f1xx_hal_exti.o
LOAD ./Drivers/STM32F1xx_HAL_Driver/Src/stm32f1xx_hal_flash.o
LOAD ./Drivers/STM32F1xx_HAL_Driver/Src/stm32f1xx_hal_flash_ex.o
LOAD ./Drivers/STM32F1xx_HAL_Driver/Src/stm32f1xx_hal_gpio.o
LOAD ./Drivers/STM32F1xx_HAL_Driver/Src/stm32f1xx_hal_gpio_ex.o
LOAD ./Drivers/STM32F1xx_HAL_Driver/Src/stm32f1xx_hal_i2c.o
LOAD ./Drivers/STM32F1xx_HAL_Driver/Src/stm32f1xx_hal_pwr.o
LOAD ./Drivers/STM32F1xx_HAL_Driver/Src/stm32f1xx_hal_rcc.o
LOAD ./Drivers/STM32F1xx_HAL_Driver/Src/stm32f1xx_hal_rcc_ex.o
LOAD ./Drivers/STM32F1xx_HAL_Driver/Src/stm32f1xx_hal_uart.o
LOAD ./Platform/STM32/TimerDriver.o
LOAD ./Platform/STM32/UartDriver.o
START GROUP
LOAD C:/ST/STM32CubeIDE_1.19.0/STM32CubeIDE/plugins/com.st.stm32cube.ide.mcu.externaltools.gnu-tools-for-stm32.13.3.rel1.win32_1.0.100.202509120712/tools/bin/../lib/gcc/arm-none-eabi/13.3.1/../../../../arm-none-eabi/lib/thumb/v7-m/nofp\libc_nano.a
LOAD C:/ST/STM32CubeIDE_1.19.0/STM32CubeIDE/plugins/com.st.stm32cube.ide.mcu.externaltools.gnu-tools-for-stm32.13.3.rel1.win32_1.0.100.202509120712/tools/bin/../lib/gcc/arm-none-eabi/13.3.1/../../../../arm-none-eabi/lib/thumb/v7-m/nofp\libm.a
END GROUP
START GROUP
LOAD C:/ST/STM32CubeIDE_1.19.0/STM32CubeIDE/plugins/com.st.stm32cube.ide.mcu.externaltools.gnu-tools-for-stm32.13.3.rel1.win32_1.0.100.202509120712/tools/bin/../lib/gcc/arm-none-eabi/13.3.1/thumb/v7-m/nofp\libgcc.a
LOAD C:/ST/STM32CubeIDE_1.19.0/STM32CubeIDE/plugins/com.st.stm32cube.ide.mcu.externaltools.gnu-tools-for-stm32.13.3.rel1.win32_1.0.100.202509120712/tools/bin/../lib/gcc/arm-none-eabi/13.3.1/../../../../arm-none-eabi/lib/thumb/v7-m/nofp\libc_nano.a
END GROUP
START GROUP
LOAD C:/ST/STM32CubeIDE_1.19.0/STM32CubeIDE/plugins/com.st.stm32cube.ide.mcu.externaltools.gnu-tools-for-stm32.13.3.rel1.win32_1.0.100.202509120712/tools/bin/../lib/gcc/arm-none-eabi/13.3.1/thumb/v7-m/nofp\libgcc.a
LOAD C:/ST/STM32CubeIDE_1.19.0/STM32CubeIDE/plugins/com.st.stm32cube.ide.mcu.externaltools.gnu-tools-for-stm32.13.3.rel1.win32_1.0.100.202509120712/tools/bin/../lib/gcc/arm-none-eabi/13.3.1/../../../../arm-none-eabi/lib/thumb/v7-m/nofp\libc_nano.a
LOAD C:/ST/STM32CubeIDE_1.19.0/STM32CubeIDE/plugins/com.st.stm32cube.ide.mcu.externaltools.gnu-tools-for-stm32.13.3.rel1.win32_1.0.100.202509120712/tools/bin/../lib/gcc/arm-none-eabi/13.3.1/../../../../arm-none-eabi/lib/thumb/v7-m/nofp\libnosys.a
END GROUP
START GROUP
LOAD C:/ST/STM32CubeIDE_1.19.0/STM32CubeIDE/plugins/com.st.stm32cube.ide.mcu.externaltools.gnu-tools-for-stm32.13.3.rel1.win32_1.0.100.202509120712/tools/bin/../lib/gcc/arm-none-eabi/13.3.1/thumb/v7-m/nofp\libgcc.a
LOAD C:/ST/STM32CubeIDE_1.19.0/STM32CubeIDE/plugins/com.st.stm32cube.ide.mcu.externaltools.gnu-tools-for-stm32.13.3.rel1.win32_1.0.100.202509120712/tools/bin/../lib/gcc/arm-none-eabi/13.3.1/../../../../arm-none-eabi/lib/thumb/v7-m/nofp\libc_nano.a
LOAD C:/ST/STM32CubeIDE_1.19.0/STM32CubeIDE/plugins/com.st.stm32cube.ide.mcu.externaltools.gnu-tools-for-stm32.13.3.rel1.win32_1.0.100.202509120712/tools/bin/../lib/gcc/arm-none-eabi/13.3.1/../../../../arm-none-eabi/lib/thumb/v7-m/nofp\libnosys.a
END GROUP
LOAD C:/ST/STM32CubeIDE_1.19.0/STM32CubeIDE/plugins/com.st.stm32cube.ide.mcu.externaltools.gnu-tools-for-stm32.13.3.rel1.win32_1.0.100.202509120712/tools/bin/../lib/gcc/arm-none-eabi/13.3.1/thumb/v7-m/nofp/crtend.o
LOAD C:/ST/STM32CubeIDE_1.19.0/STM32CubeIDE/plugins/com.st.stm32cube.ide.mcu.externaltools.gnu-tools-for-stm32.13.3.rel1.win32_1.0.100.202509120712/tools/bin/../lib/gcc/arm-none-eabi/13.3.1/thumb/v7-m/nofp/crtn.o
                0x20005000                        _estack = (ORIGIN (RAM) + LENGTH (RAM))
                0x00000200                        _Min_Heap_Size = 0x200
                0x00000400                        _Min_Stack_Size = 0x400

.isr_vector     0x08000000      0x10c
                0x08000000                        . = ALIGN (0x4)
 *(.isr_vector)
 .isr_vector    0x08000000      0x10c ./Core/Startup/startup_stm32f103c8tx.o
                0x08000000                g_pfnVectors
                0x0800010c                        . = ALIGN (0x4)

.text           0x0800010c     0x39a4
                0x0800010c                        . = ALIGN (0x4)
 *(.text)
 .text          0x0800010c       0x40 C:/ST/STM32CubeIDE_1.19.0/STM32CubeIDE/plugins/com.st.stm32cube.ide.mcu.externaltools.gnu-tools-for-stm32.13.3.rel1.win32_1.0.100.202509120712/tools/bin/../lib/gcc/arm-none-eabi/13.3.1/thumb/v7-m/nofp/crtbegin.o
 *(.text*)
 .text.main     0x0800014c      0x234 ./Core/Src/main.o
                0x0800014c                main
 .text.SystemClock_Config
                0x08000380       0x76 ./Core/Src/main.o
                0x08000380                SystemClock_Config
 *fill*         0x080003f6        0x2 
 .text.MX_I2C1_Init
                0x080003f8       0x5c ./Core/Src/main.o
 .text.MX_USART1_UART_Init
                0x08000454       0x54 ./Core/Src/main.o
 .text.MX_GPIO_Init
                0x080004a8       0x44 ./Core/Src/main.o
 .text.HAL_UART_RxCpltCallback
                0x080004ec       0x4c ./Core/Src/main.o
                0x080004ec                HAL_UART_RxCpltCallback
 .text.Error_Handler
                0x08000538        0xc ./Core/Src/main.o
                0x08000538                Error_Handler
 .text.SSD1306_Init
                0x08000544      0x188 ./Core/Src/ssd1306.o
                0x08000544                SSD1306_Init
 .text.SSD1306_UpdateScreen
                0x080006cc       0x5c ./Core/Src/ssd1306.o
                0x080006cc                SSD1306_UpdateScreen
 .text.SSD1306_Fill
                0x08000728       0x30 ./Core/Src/ssd1306.o
                0x08000728                SSD1306_Fill
 .text.SSD1306_DrawPixel
                0x08000758       0xbc ./Core/Src/ssd1306.o
                0x08000758                SSD1306_DrawPixel
 .text.SSD1306_GotoXY
                0x08000814       0x2c ./Core/Src/ssd1306.o
                0x08000814                SSD1306_GotoXY
 .text.SSD1306_Putc
                0x08000840       0xfc ./Core/Src/ssd1306.o
                0x08000840                SSD1306_Putc
 .text.SSD1306_Puts
                0x0800093c       0x4a ./Core/Src/ssd1306.o
                0x0800093c                SSD1306_Puts
 *fill*         0x08000986        0x2 
 .text.ssd1306_I2C_Init
                0x08000988       0x28 ./Core/Src/ssd1306.o
                0x08000988                ssd1306_I2C_Init
 .text.ssd1306_I2C_WriteMulti
                0x080009b0       0xcc ./Core/Src/ssd1306.o
                0x080009b0                ssd1306_I2C_WriteMulti
 .text.ssd1306_I2C_Write
                0x08000a7c       0x3c ./Core/Src/ssd1306.o
                0x08000a7c                ssd1306_I2C_Write
 .text.HAL_MspInit
                0x08000ab8       0x64 ./Core/Src/stm32f1xx_hal_msp.o
                0x08000ab8                HAL_MspInit
 .text.HAL_I2C_MspInit
                0x08000b1c       0x7c ./Core/Src/stm32f1xx_hal_msp.o
                0x08000b1c                HAL_I2C_MspInit
 .text.HAL_UART_MspInit
                0x08000b98       0xa8 ./Core/Src/stm32f1xx_hal_msp.o
                0x08000b98                HAL_UART_MspInit
 .text.NMI_Handler
                0x08000c40        0x8 ./Core/Src/stm32f1xx_it.o
                0x08000c40                NMI_Handler
 .text.HardFault_Handler
                0x08000c48        0x8 ./Core/Src/stm32f1xx_it.o
                0x08000c48                HardFault_Handler
 .text.MemManage_Handler
                0x08000c50        0x8 ./Core/Src/stm32f1xx_it.o
                0x08000c50                MemManage_Handler
 .text.BusFault_Handler
                0x08000c58        0x8 ./Core/Src/stm32f1xx_it.o
                0x08000c58                BusFault_Handler
 .text.UsageFault_Handler
                0x08000c60        0x8 ./Core/Src/stm32f1xx_it.o
                0x08000c60                UsageFault_Handler
 .text.SVC_Handler
                0x08000c68        0xc ./Core/Src/stm32f1xx_it.o
                0x08000c68                SVC_Handler
 .text.DebugMon_Handler
                0x08000c74        0xc ./Core/Src/stm32f1xx_it.o
                0x08000c74                DebugMon_Handler
 .text.PendSV_Handler
                0x08000c80        0xc ./Core/Src/stm32f1xx_it.o
                0x08000c80                PendSV_Handler
 .text.SysTick_Handler
                0x08000c8c        0xc ./Core/Src/stm32f1xx_it.o
                0x08000c8c                SysTick_Handler
 .text.USART1_IRQHandler
                0x08000c98       0x14 ./Core/Src/stm32f1xx_it.o
                0x08000c98                USART1_IRQHandler
 .text.SystemInit
                0x08000cac        0xc ./Core/Src/system_stm32f1xx.o
                0x08000cac                SystemInit
 .text.Reset_Handler
                0x08000cb8       0x48 ./Core/Startup/startup_stm32f103c8tx.o
                0x08000cb8                Reset_Handler
 .text.Default_Handler
                0x08000d00        0x2 ./Core/Startup/startup_stm32f103c8tx.o
                0x08000d00                RTC_Alarm_IRQHandler
                0x08000d00                EXTI2_IRQHandler
                0x08000d00                TIM1_CC_IRQHandler
                0x08000d00                PVD_IRQHandler
                0x08000d00                EXTI3_IRQHandler
                0x08000d00                EXTI0_IRQHandler
                0x08000d00                I2C2_EV_IRQHandler
                0x08000d00                ADC1_2_IRQHandler
                0x08000d00                SPI1_IRQHandler
                0x08000d00                TAMPER_IRQHandler
                0x08000d00                DMA1_Channel4_IRQHandler
                0x08000d00                USART3_IRQHandler
                0x08000d00                RTC_IRQHandler
                0x08000d00                DMA1_Channel7_IRQHandler
                0x08000d00                CAN1_RX1_IRQHandler
                0x08000d00                TIM4_IRQHandler
                0x08000d00                I2C1_EV_IRQHandler
                0x08000d00                DMA1_Channel6_IRQHandler
                0x08000d00                TIM3_IRQHandler
                0x08000d00                RCC_IRQHandler
                0x08000d00                TIM1_TRG_COM_IRQHandler
                0x08000d00                DMA1_Channel1_IRQHandler
                0x08000d00                Default_Handler
                0x08000d00                EXTI15_10_IRQHandler
                0x08000d00                EXTI9_5_IRQHandler
                0x08000d00                SPI2_IRQHandler
                0x08000d00                DMA1_Channel5_IRQHandler
                0x08000d00                EXTI4_IRQHandler
                0x08000d00                USB_LP_CAN1_RX0_IRQHandler
                0x08000d00                USB_HP_CAN1_TX_IRQHandler
                0x08000d00                DMA1_Channel3_IRQHandler
                0x08000d00                TIM1_UP_IRQHandler
                0x08000d00                WWDG_IRQHandler
                0x08000d00                TIM2_IRQHandler
                0x08000d00                TIM1_BRK_IRQHandler
                0x08000d00                EXTI1_IRQHandler
                0x08000d00                USART2_IRQHandler
                0x08000d00                I2C2_ER_IRQHandler
                0x08000d00                DMA1_Channel2_IRQHandler
                0x08000d00                CAN1_SCE_IRQHandler
                0x08000d00                FLASH_IRQHandler
                0x08000d00                I2C1_ER_IRQHandler
                0x08000d00                USBWakeUp_IRQHandler
 *fill*         0x08000d02        0x2 
 .text.CalculateCrc32
                0x08000d04       0xcc ./Cores/src/UartBootloaderProtocolCore.o
 .text.ConvertCrcToArray
                0x08000dd0       0x5e ./Cores/src/UartBootloaderProtocolCore.o
 .text.CheckCrcAndSetCommandCode
                0x08000e2e       0x3e ./Cores/src/UartBootloaderProtocolCore.o
 .text.InitializeUartBootloaderProtocol
                0x08000e6c       0x1e ./Cores/src/UartBootloaderProtocolCore.o
                0x08000e6c                InitializeUartBootloaderProtocol
 .text.GetCommandCode
                0x08000e8a       0x14 ./Cores/src/UartBootloaderProtocolCore.o
                0x08000e8a                GetCommandCode
 .text.SetCommandCode
                0x08000e9e       0x1c ./Cores/src/UartBootloaderProtocolCore.o
                0x08000e9e                SetCommandCode
 .text.GetPhase
                0x08000eba       0x14 ./Cores/src/UartBootloaderProtocolCore.o
                0x08000eba                GetPhase
 .text.SetPhase
                0x08000ece       0x1c ./Cores/src/UartBootloaderProtocolCore.o
                0x08000ece                SetPhase
 .text.GetFrameStatus
                0x08000eea       0x14 ./Cores/src/UartBootloaderProtocolCore.o
                0x08000eea                GetFrameStatus
 .text.SetFrameStatus
                0x08000efe       0x1c ./Cores/src/UartBootloaderProtocolCore.o
                0x08000efe                SetFrameStatus
 .text.ParseFrameHandshakeRequestGetCommandFromHost
                0x08000f1a       0x1e ./Cores/src/UartBootloaderProtocolCore.o
                0x08000f1a                ParseFrameHandshakeRequestGetCommandFromHost
 .text.ParseFrameDataRequestGetCommandFromHost
                0x08000f38       0x1e ./Cores/src/UartBootloaderProtocolCore.o
                0x08000f38                ParseFrameDataRequestGetCommandFromHost
 .text.ParseFrameEndHandshakeGetCommandFromHost
                0x08000f56       0x1e ./Cores/src/UartBootloaderProtocolCore.o
                0x08000f56                ParseFrameEndHandshakeGetCommandFromHost
 .text.HandleAckForTransmission
                0x08000f74       0x38 ./Cores/src/UartBootloaderProtocolCore.o
                0x08000f74                HandleAckForTransmission
 .text.HandleNackForTransmission
                0x08000fac       0x38 ./Cores/src/UartBootloaderProtocolCore.o
                0x08000fac                HandleNackForTransmission
 .text.HandleDataGetCommandForTransmission
                0x08000fe4       0xa0 ./Cores/src/UartBootloaderProtocolCore.o
                0x08000fe4                HandleDataGetCommandForTransmission
 .text.TransmittDataToHost
                0x08001084       0x48 ./Dependencies/src/UartBootloaderProtocolDepenedencies.o
                0x08001084                TransmittDataToHost
 .text.ResetReceivedDataBuffer
                0x080010cc       0x18 ./Dependencies/src/UartBootloaderProtocolDepenedencies.o
                0x080010cc                ResetReceivedDataBuffer
 .text.ResetTransmittedDataBuffer
                0x080010e4       0x18 ./Dependencies/src/UartBootloaderProtocolDepenedencies.o
                0x080010e4                ResetTransmittedDataBuffer
 .text.InitializeDataBuffer
                0x080010fc       0x10 ./Dependencies/src/UartBootloaderProtocolDepenedencies.o
                0x080010fc                InitializeDataBuffer
 .text.ResetDataBuffer
                0x0800110c       0x10 ./Dependencies/src/UartBootloaderProtocolDepenedencies.o
                0x0800110c                ResetDataBuffer
 .text.ReceiveDataAndPutInBuffer
                0x0800111c       0xcc ./Dependencies/src/UartBootloaderProtocolDepenedencies.o
                0x0800111c                ReceiveDataAndPutInBuffer
 .text.HAL_Init
                0x080011e8       0x2c ./Drivers/STM32F1xx_HAL_Driver/Src/stm32f1xx_hal.o
                0x080011e8                HAL_Init
 .text.HAL_InitTick
                0x08001214       0x60 ./Drivers/STM32F1xx_HAL_Driver/Src/stm32f1xx_hal.o
                0x08001214                HAL_InitTick
 .text.HAL_IncTick
                0x08001274       0x24 ./Drivers/STM32F1xx_HAL_Driver/Src/stm32f1xx_hal.o
                0x08001274                HAL_IncTick
 .text.HAL_GetTick
                0x08001298       0x14 ./Drivers/STM32F1xx_HAL_Driver/Src/stm32f1xx_hal.o
                0x08001298                HAL_GetTick
 .text.HAL_Delay
                0x080012ac       0x48 ./Drivers/STM32F1xx_HAL_Driver/Src/stm32f1xx_hal.o
                0x080012ac                HAL_Delay
 .text.__NVIC_SetPriorityGrouping
                0x080012f4       0x48 ./Drivers/STM32F1xx_HAL_Driver/Src/stm32f1xx_hal_cortex.o
 .text.__NVIC_GetPriorityGrouping
                0x0800133c       0x1c ./Drivers/STM32F1xx_HAL_Driver/Src/stm32f1xx_hal_cortex.o
 .text.__NVIC_EnableIRQ
                0x08001358       0x38 ./Drivers/STM32F1xx_HAL_Driver/Src/stm32f1xx_hal_cortex.o
 .text.__NVIC_SetPriority
                0x08001390       0x54 ./Drivers/STM32F1xx_HAL_Driver/Src/stm32f1xx_hal_cortex.o
 .text.NVIC_EncodePriority
                0x080013e4       0x64 ./Drivers/STM32F1xx_HAL_Driver/Src/stm32f1xx_hal_cortex.o
 .text.SysTick_Config
                0x08001448       0x44 ./Drivers/STM32F1xx_HAL_Driver/Src/stm32f1xx_hal_cortex.o
 .text.HAL_NVIC_SetPriorityGrouping
                0x0800148c       0x16 ./Drivers/STM32F1xx_HAL_Driver/Src/stm32f1xx_hal_cortex.o
                0x0800148c                HAL_NVIC_SetPriorityGrouping
 .text.HAL_NVIC_SetPriority
                0x080014a2       0x38 ./Drivers/STM32F1xx_HAL_Driver/Src/stm32f1xx_hal_cortex.o
                0x080014a2                HAL_NVIC_SetPriority
 .text.HAL_NVIC_EnableIRQ
                0x080014da       0x1c ./Drivers/STM32F1xx_HAL_Driver/Src/stm32f1xx_hal_cortex.o
                0x080014da                HAL_NVIC_EnableIRQ
 .text.HAL_SYSTICK_Config
                0x080014f6       0x18 ./Drivers/STM32F1xx_HAL_Driver/Src/stm32f1xx_hal_cortex.o
                0x080014f6                HAL_SYSTICK_Config
 .text.HAL_DMA_Abort
                0x0800150e       0x76 ./Drivers/STM32F1xx_HAL_Driver/Src/stm32f1xx_hal_dma.o
                0x0800150e                HAL_DMA_Abort
 .text.HAL_DMA_Abort_IT
                0x08001584       0xf0 ./Drivers/STM32F1xx_HAL_Driver/Src/stm32f1xx_hal_dma.o
                0x08001584                HAL_DMA_Abort_IT
 .text.HAL_GPIO_Init
                0x08001674      0x308 ./Drivers/STM32F1xx_HAL_Driver/Src/stm32f1xx_hal_gpio.o
                0x08001674                HAL_GPIO_Init
 .text.HAL_I2C_Init
                0x0800197c      0x288 ./Drivers/STM32F1xx_HAL_Driver/Src/stm32f1xx_hal_i2c.o
                0x0800197c                HAL_I2C_Init
 .text.HAL_I2C_Master_Transmit
                0x08001c04      0x1fc ./Drivers/STM32F1xx_HAL_Driver/Src/stm32f1xx_hal_i2c.o
                0x08001c04                HAL_I2C_Master_Transmit
 .text.HAL_I2C_IsDeviceReady
                0x08001e00      0x25c ./Drivers/STM32F1xx_HAL_Driver/Src/stm32f1xx_hal_i2c.o
                0x08001e00                HAL_I2C_IsDeviceReady
 .text.I2C_MasterRequestWrite
                0x0800205c      0x104 ./Drivers/STM32F1xx_HAL_Driver/Src/stm32f1xx_hal_i2c.o
 .text.I2C_WaitOnFlagUntilTimeout
                0x08002160       0xf4 ./Drivers/STM32F1xx_HAL_Driver/Src/stm32f1xx_hal_i2c.o
 .text.I2C_WaitOnMasterAddressFlagUntilTimeout
                0x08002254      0x140 ./Drivers/STM32F1xx_HAL_Driver/Src/stm32f1xx_hal_i2c.o
 .text.I2C_WaitOnTXEFlagUntilTimeout
                0x08002394       0x90 ./Drivers/STM32F1xx_HAL_Driver/Src/stm32f1xx_hal_i2c.o
 .text.I2C_WaitOnBTFFlagUntilTimeout
                0x08002424       0x90 ./Drivers/STM32F1xx_HAL_Driver/Src/stm32f1xx_hal_i2c.o
 .text.I2C_IsAcknowledgeFailed
                0x080024b4       0x5c ./Drivers/STM32F1xx_HAL_Driver/Src/stm32f1xx_hal_i2c.o
 .text.HAL_RCC_OscConfig
                0x08002510      0x504 ./Drivers/STM32F1xx_HAL_Driver/Src/stm32f1xx_hal_rcc.o
                0x08002510                HAL_RCC_OscConfig
 .text.HAL_RCC_ClockConfig
                0x08002a14      0x1d4 ./Drivers/STM32F1xx_HAL_Driver/Src/stm32f1xx_hal_rcc.o
                0x08002a14                HAL_RCC_ClockConfig
 .text.HAL_RCC_GetSysClockFreq
                0x08002be8       0xa8 ./Drivers/STM32F1xx_HAL_Driver/Src/stm32f1xx_hal_rcc.o
                0x08002be8                HAL_RCC_GetSysClockFreq
 .text.HAL_RCC_GetHCLKFreq
                0x08002c90       0x14 ./Drivers/STM32F1xx_HAL_Driver/Src/stm32f1xx_hal_rcc.o
                0x08002c90                HAL_RCC_GetHCLKFreq
 .text.HAL_RCC_GetPCLK1Freq
                0x08002ca4       0x28 ./Drivers/STM32F1xx_HAL_Driver/Src/stm32f1xx_hal_rcc.o
                0x08002ca4                HAL_RCC_GetPCLK1Freq
 .text.HAL_RCC_GetPCLK2Freq
                0x08002ccc       0x28 ./Drivers/STM32F1xx_HAL_Driver/Src/stm32f1xx_hal_rcc.o
                0x08002ccc                HAL_RCC_GetPCLK2Freq
 .text.RCC_Delay
                0x08002cf4       0x3c ./Drivers/STM32F1xx_HAL_Driver/Src/stm32f1xx_hal_rcc.o
 .text.HAL_UART_Init
                0x08002d30       0xa0 ./Drivers/STM32F1xx_HAL_Driver/Src/stm32f1xx_hal_uart.o
                0x08002d30                HAL_UART_Init
 .text.HAL_UART_Transmit
                0x08002dd0      0x116 ./Drivers/STM32F1xx_HAL_Driver/Src/stm32f1xx_hal_uart.o
                0x08002dd0                HAL_UART_Transmit
 .text.HAL_UART_Receive_IT
                0x08002ee6       0x4a ./Drivers/STM32F1xx_HAL_Driver/Src/stm32f1xx_hal_uart.o
                0x08002ee6                HAL_UART_Receive_IT
 .text.HAL_UART_IRQHandler
                0x08002f30      0x524 ./Drivers/STM32F1xx_HAL_Driver/Src/stm32f1xx_hal_uart.o
                0x08002f30                HAL_UART_IRQHandler
 .text.HAL_UART_TxCpltCallback
                0x08003454       0x12 ./Drivers/STM32F1xx_HAL_Driver/Src/stm32f1xx_hal_uart.o
                0x08003454                HAL_UART_TxCpltCallback
 .text.HAL_UART_ErrorCallback
                0x08003466       0x12 ./Drivers/STM32F1xx_HAL_Driver/Src/stm32f1xx_hal_uart.o
                0x08003466                HAL_UART_ErrorCallback
 .text.HAL_UARTEx_RxEventCallback
                0x08003478       0x16 ./Drivers/STM32F1xx_HAL_Driver/Src/stm32f1xx_hal_uart.o
                0x08003478                HAL_UARTEx_RxEventCallback
 .text.UART_WaitOnFlagUntilTimeout
                0x0800348e       0xb2 ./Drivers/STM32F1xx_HAL_Driver/Src/stm32f1xx_hal_uart.o
 .text.UART_Start_Receive_IT
                0x08003540       0x72 ./Drivers/STM32F1xx_HAL_Driver/Src/stm32f1xx_hal_uart.o
                0x08003540                UART_Start_Receive_IT
 .text.UART_EndRxTransfer
                0x080035b2       0xc4 ./Drivers/STM32F1xx_HAL_Driver/Src/stm32f1xx_hal_uart.o
 .text.UART_DMAAbortOnError
                0x08003676       0x28 ./Drivers/STM32F1xx_HAL_Driver/Src/stm32f1xx_hal_uart.o
 .text.UART_Transmit_IT
                0x0800369e       0x9e ./Drivers/STM32F1xx_HAL_Driver/Src/stm32f1xx_hal_uart.o
 .text.UART_EndTransmit_IT
                0x0800373c       0x30 ./Drivers/STM32F1xx_HAL_Driver/Src/stm32f1xx_hal_uart.o
 .text.UART_Receive_IT
                0x0800376c      0x17c ./Drivers/STM32F1xx_HAL_Driver/Src/stm32f1xx_hal_uart.o
 .text.UART_SetConfig
                0x080038e8      0x11c ./Drivers/STM32F1xx_HAL_Driver/Src/stm32f1xx_hal_uart.o
 .text.DelayMs  0x08003a04       0x16 ./Platform/STM32/TimerDriver.o
                0x08003a04                DelayMs
 *fill*         0x08003a1a        0x2 
 .text.UartTransmittOneByteData
                0x08003a1c       0x24 ./Platform/STM32/UartDriver.o
                0x08003a1c                UartTransmittOneByteData
 .text.memset   0x08003a40       0x10 C:/ST/STM32CubeIDE_1.19.0/STM32CubeIDE/plugins/com.st.stm32cube.ide.mcu.externaltools.gnu-tools-for-stm32.13.3.rel1.win32_1.0.100.202509120712/tools/bin/../lib/gcc/arm-none-eabi/13.3.1/../../../../arm-none-eabi/lib/thumb/v7-m/nofp\libc_nano.a(libc_a-memset.o)
                0x08003a40                memset
 .text.__libc_init_array
                0x08003a50       0x48 C:/ST/STM32CubeIDE_1.19.0/STM32CubeIDE/plugins/com.st.stm32cube.ide.mcu.externaltools.gnu-tools-for-stm32.13.3.rel1.win32_1.0.100.202509120712/tools/bin/../lib/gcc/arm-none-eabi/13.3.1/../../../../arm-none-eabi/lib/thumb/v7-m/nofp\libc_nano.a(libc_a-init.o)
                0x08003a50                __libc_init_array
 *(.glue_7)
 .glue_7        0x08003a98        0x0 linker stubs
 *(.glue_7t)
 .glue_7t       0x08003a98        0x0 linker stubs
 *(.eh_frame)
 .eh_frame      0x08003a98        0x0 C:/ST/STM32CubeIDE_1.19.0/STM32CubeIDE/plugins/com.st.stm32cube.ide.mcu.externaltools.gnu-tools-for-stm32.13.3.rel1.win32_1.0.100.202509120712/tools/bin/../lib/gcc/arm-none-eabi/13.3.1/thumb/v7-m/nofp/crtbegin.o
 *(.init)
 .init          0x08003a98        0x4 C:/ST/STM32CubeIDE_1.19.0/STM32CubeIDE/plugins/com.st.stm32cube.ide.mcu.externaltools.gnu-tools-for-stm32.13.3.rel1.win32_1.0.100.202509120712/tools/bin/../lib/gcc/arm-none-eabi/13.3.1/thumb/v7-m/nofp/crti.o
                0x08003a98                _init
 .init          0x08003a9c        0x8 C:/ST/STM32CubeIDE_1.19.0/STM32CubeIDE/plugins/com.st.stm32cube.ide.mcu.externaltools.gnu-tools-for-stm32.13.3.rel1.win32_1.0.100.202509120712/tools/bin/../lib/gcc/arm-none-eabi/13.3.1/thumb/v7-m/nofp/crtn.o
 *(.fini)
 .fini          0x08003aa4        0x4 C:/ST/STM32CubeIDE_1.19.0/STM32CubeIDE/plugins/com.st.stm32cube.ide.mcu.externaltools.gnu-tools-for-stm32.13.3.rel1.win32_1.0.100.202509120712/tools/bin/../lib/gcc/arm-none-eabi/13.3.1/thumb/v7-m/nofp/crti.o
                0x08003aa4                _fini
 .fini          0x08003aa8        0x8 C:/ST/STM32CubeIDE_1.19.0/STM32CubeIDE/plugins/com.st.stm32cube.ide.mcu.externaltools.gnu-tools-for-stm32.13.3.rel1.win32_1.0.100.202509120712/tools/bin/../lib/gcc/arm-none-eabi/13.3.1/thumb/v7-m/nofp/crtn.o
                0x08003ab0                        . = ALIGN (0x4)
                0x08003ab0                        _etext = .

.vfp11_veneer   0x08003ab0        0x0
 .vfp11_veneer  0x08003ab0        0x0 linker stubs

.v4_bx          0x08003ab0        0x0
 .v4_bx         0x08003ab0        0x0 linker stubs

.iplt           0x08003ab0        0x0
 .iplt          0x08003ab0        0x0 C:/ST/STM32CubeIDE_1.19.0/STM32CubeIDE/plugins/com.st.stm32cube.ide.mcu.externaltools.gnu-tools-for-stm32.13.3.rel1.win32_1.0.100.202509120712/tools/bin/../lib/gcc/arm-none-eabi/13.3.1/thumb/v7-m/nofp/crtbegin.o

.rodata         0x08003ab0      0x7ac
                0x08003ab0                        . = ALIGN (0x4)
 *(.rodata)
 .rodata        0x08003ab0       0x11 ./Core/Src/main.o
 *(.rodata*)
 *fill*         0x08003ac1        0x3 
 .rodata.Font7x10
                0x08003ac4      0x76c ./Core/Src/fonts.o
                0x08003ac4                Font7x10
 .rodata.AHBPrescTable
                0x08004230       0x10 ./Core/Src/system_stm32f1xx.o
                0x08004230                AHBPrescTable
 .rodata.APBPrescTable
                0x08004240        0x8 ./Core/Src/system_stm32f1xx.o
                0x08004240                APBPrescTable
 .rodata.aPLLMULFactorTable.1
                0x08004248       0x10 ./Drivers/STM32F1xx_HAL_Driver/Src/stm32f1xx_hal_rcc.o
 .rodata.aPredivFactorTable.0
                0x08004258        0x2 ./Drivers/STM32F1xx_HAL_Driver/Src/stm32f1xx_hal_rcc.o
                0x0800425c                        . = ALIGN (0x4)
 *fill*         0x0800425a        0x2 

.ARM.extab      0x0800425c        0x0
                0x0800425c                        . = ALIGN (0x4)
 *(.ARM.extab* .gnu.linkonce.armextab.*)
                0x0800425c                        . = ALIGN (0x4)

.ARM            0x0800425c        0x0
                0x0800425c                        . = ALIGN (0x4)
                0x0800425c                        __exidx_start = .
 *(.ARM.exidx*)
                0x0800425c                        __exidx_end = .
                0x0800425c                        . = ALIGN (0x4)

.preinit_array  0x0800425c        0x0
                0x0800425c                        . = ALIGN (0x4)
                0x0800425c                        PROVIDE (__preinit_array_start = .)
 *(.preinit_array*)
                0x0800425c                        PROVIDE (__preinit_array_end = .)
                0x0800425c                        . = ALIGN (0x4)

.init_array     0x0800425c        0x4
                0x0800425c                        . = ALIGN (0x4)
                0x0800425c                        PROVIDE (__init_array_start = .)
 *(SORT_BY_NAME(.init_array.*))
 *(.init_array*)
 .init_array    0x0800425c        0x4 C:/ST/STM32CubeIDE_1.19.0/STM32CubeIDE/plugins/com.st.stm32cube.ide.mcu.externaltools.gnu-tools-for-stm32.13.3.rel1.win32_1.0.100.202509120712/tools/bin/../lib/gcc/arm-none-eabi/13.3.1/thumb/v7-m/nofp/crtbegin.o
                0x08004260                        PROVIDE (__init_array_end = .)
                0x08004260                        . = ALIGN (0x4)

.fini_array     0x08004260        0x4
                0x08004260                        . = ALIGN (0x4)
                [!provide]                        PROVIDE (__fini_array_start = .)
 *(SORT_BY_NAME(.fini_array.*))
 *(.fini_array*)
 .fini_array    0x08004260        0x4 C:/ST/STM32CubeIDE_1.19.0/STM32CubeIDE/plugins/com.st.stm32cube.ide.mcu.externaltools.gnu-tools-for-stm32.13.3.rel1.win32_1.0.100.202509120712/tools/bin/../lib/gcc/arm-none-eabi/13.3.1/thumb/v7-m/nofp/crtbegin.o
                [!provide]                        PROVIDE (__fini_array_end = .)
                0x08004264                        . = ALIGN (0x4)
                0x08004264                        _sidata = LOADADDR (.data)

.rel.dyn        0x08004264        0x0
 .rel.iplt      0x08004264        0x0 C:/ST/STM32CubeIDE_1.19.0/STM32CubeIDE/plugins/com.st.stm32cube.ide.mcu.externaltools.gnu-tools-for-stm32.13.3.rel1.win32_1.0.100.202509120712/tools/bin/../lib/gcc/arm-none-eabi/13.3.1/thumb/v7-m/nofp/crtbegin.o

.data           0x20000000       0x18 load address 0x08004264
                0x20000000                        . = ALIGN (0x4)
                0x20000000                        _sdata = .
 *(.data)
 *(.data*)
 .data.Font_7x10
                0x20000000        0x8 ./Core/Src/fonts.o
                0x20000000                Font_7x10
 .data.SystemCoreClock
                0x20000008        0x4 ./Core/Src/system_stm32f1xx.o
                0x20000008                SystemCoreClock
 .data.polynomial_crc32
                0x2000000c        0x4 ./Cores/src/UartBootloaderProtocolCore.o
 .data.uwTickPrio
                0x20000010        0x4 ./Drivers/STM32F1xx_HAL_Driver/Src/stm32f1xx_hal.o
                0x20000010                uwTickPrio
 .data.uwTickFreq
                0x20000014        0x1 ./Drivers/STM32F1xx_HAL_Driver/Src/stm32f1xx_hal.o
                0x20000014                uwTickFreq
 *(.RamFunc)
 *(.RamFunc*)
                0x20000018                        . = ALIGN (0x4)
 *fill*         0x20000015        0x3 
                0x20000018                        _edata = .

.igot.plt       0x20000018        0x0 load address 0x0800427c
 .igot.plt      0x20000018        0x0 C:/ST/STM32CubeIDE_1.19.0/STM32CubeIDE/plugins/com.st.stm32cube.ide.mcu.externaltools.gnu-tools-for-stm32.13.3.rel1.win32_1.0.100.202509120712/tools/bin/../lib/gcc/arm-none-eabi/13.3.1/thumb/v7-m/nofp/crtbegin.o
                0x20000018                        . = ALIGN (0x4)

.bss            0x20000018      0x550 load address 0x0800427c
                0x20000018                        _sbss = .
                0x20000018                        __bss_start__ = _sbss
 *(.bss)
 .bss           0x20000018       0x1c C:/ST/STM32CubeIDE_1.19.0/STM32CubeIDE/plugins/com.st.stm32cube.ide.mcu.externaltools.gnu-tools-for-stm32.13.3.rel1.win32_1.0.100.202509120712/tools/bin/../lib/gcc/arm-none-eabi/13.3.1/thumb/v7-m/nofp/crtbegin.o
 *(.bss*)
 .bss.hi2c1     0x20000034       0x54 ./Core/Src/main.o
                0x20000034                hi2c1
 .bss.huart1    0x20000088       0x48 ./Core/Src/main.o
                0x20000088                huart1
 .bss.received_data_from_host
                0x200000d0        0x1 ./Core/Src/main.o
                0x200000d0                received_data_from_host
 .bss.phase     0x200000d1        0x1 ./Core/Src/main.o
                0x200000d1                phase
 *fill*         0x200000d2        0x2 
 .bss.SSD1306_Buffer
                0x200000d4      0x400 ./Core/Src/ssd1306.o
 .bss.SSD1306   0x200004d4        0x6 ./Core/Src/ssd1306.o
 *fill*         0x200004da        0x2 
 .bss.ReceivedDataBuffer
                0x200004dc       0x40 ./Dependencies/src/UartBootloaderProtocolDepenedencies.o
                0x200004dc                ReceivedDataBuffer
 .bss.TransmittedDataToHost
                0x2000051c       0x40 ./Dependencies/src/UartBootloaderProtocolDepenedencies.o
                0x2000051c                TransmittedDataToHost
 .bss.mUartBootloader
                0x2000055c        0x3 ./Dependencies/src/UartBootloaderProtocolDepenedencies.o
                0x2000055c                mUartBootloader
 .bss.rx_state.1
                0x2000055f        0x1 ./Dependencies/src/UartBootloaderProtocolDepenedencies.o
 .bss.rx_buffer_index.0
                0x20000560        0x1 ./Dependencies/src/UartBootloaderProtocolDepenedencies.o
 *fill*         0x20000561        0x3 
 .bss.uwTick    0x20000564        0x4 ./Drivers/STM32F1xx_HAL_Driver/Src/stm32f1xx_hal.o
                0x20000564                uwTick
 *(COMMON)
                0x20000568                        . = ALIGN (0x4)
                0x20000568                        _ebss = .
                0x20000568                        __bss_end__ = _ebss

._user_heap_stack
                0x20000568      0x600 load address 0x0800427c
                0x20000568                        . = ALIGN (0x8)
                [!provide]                        PROVIDE (end = .)
                0x20000568                        PROVIDE (_end = .)
                0x20000768                        . = (. + _Min_Heap_Size)
 *fill*         0x20000568      0x200 
                0x20000b68                        . = (. + _Min_Stack_Size)
 *fill*         0x20000768      0x400 
                0x20000b68                        . = ALIGN (0x8)

/DISCARD/
 libc.a(*)
 libm.a(*)
 libgcc.a(*)

.ARM.attributes
                0x00000000       0x29
 *(.ARM.attributes)
 .ARM.attributes
                0x00000000       0x1d C:/ST/STM32CubeIDE_1.19.0/STM32CubeIDE/plugins/com.st.stm32cube.ide.mcu.externaltools.gnu-tools-for-stm32.13.3.rel1.win32_1.0.100.202509120712/tools/bin/../lib/gcc/arm-none-eabi/13.3.1/thumb/v7-m/nofp/crti.o
 .ARM.attributes
                0x0000001d       0x2d C:/ST/STM32CubeIDE_1.19.0/STM32CubeIDE/plugins/com.st.stm32cube.ide.mcu.externaltools.gnu-tools-for-stm32.13.3.rel1.win32_1.0.100.202509120712/tools/bin/../lib/gcc/arm-none-eabi/13.3.1/thumb/v7-m/nofp/crtbegin.o
 .ARM.attributes
                0x0000004a       0x2d ./Core/Src/fonts.o
 .ARM.attributes
                0x00000077       0x2d ./Core/Src/main.o
 .ARM.attributes
                0x000000a4       0x2d ./Core/Src/ssd1306.o
 .ARM.attributes
                0x000000d1       0x2d ./Core/Src/stm32f1xx_hal_msp.o
 .ARM.attributes
                0x000000fe       0x2d ./Core/Src/stm32f1xx_it.o
 .ARM.attributes
                0x0000012b       0x2d ./Core/Src/system_stm32f1xx.o
 .ARM.attributes
                0x00000158       0x21 ./Core/Startup/startup_stm32f103c8tx.o
 .ARM.attributes
                0x00000179       0x2d ./Cores/src/UartBootloaderProtocolCore.o
 .ARM.attributes
                0x000001a6       0x2d ./Dependencies/src/UartBootloaderProtocolDepenedencies.o
 .ARM.attributes
                0x000001d3       0x2d ./Drivers/STM32F1xx_HAL_Driver/Src/stm32f1xx_hal.o
 .ARM.attributes
                0x00000200       0x2d ./Drivers/STM32F1xx_HAL_Driver/Src/stm32f1xx_hal_cortex.o
 .ARM.attributes
                0x0000022d       0x2d ./Drivers/STM32F1xx_HAL_Driver/Src/stm32f1xx_hal_dma.o
 .ARM.attributes
                0x0000025a       0x2d ./Drivers/STM32F1xx_HAL_Driver/Src/stm32f1xx_hal_gpio.o
 .ARM.attributes
                0x00000287       0x2d ./Drivers/STM32F1xx_HAL_Driver/Src/stm32f1xx_hal_i2c.o
 .ARM.attributes
                0x000002b4       0x2d ./Drivers/STM32F1xx_HAL_Driver/Src/stm32f1xx_hal_rcc.o
 .ARM.attributes
                0x000002e1       0x2d ./Drivers/STM32F1xx_HAL_Driver/Src/stm32f1xx_hal_uart.o
 .ARM.attributes
                0x0000030e       0x2d ./Platform/STM32/TimerDriver.o
 .ARM.attributes
                0x0000033b       0x2d ./Platform/STM32/UartDriver.o
 .ARM.attributes
                0x00000368       0x2d C:/ST/STM32CubeIDE_1.19.0/STM32CubeIDE/plugins/com.st.stm32cube.ide.mcu.externaltools.gnu-tools-for-stm32.13.3.rel1.win32_1.0.100.202509120712/tools/bin/../lib/gcc/arm-none-eabi/13.3.1/../../../../arm-none-eabi/lib/thumb/v7-m/nofp\libc_nano.a(libc_a-memset.o)
 .ARM.attributes
                0x00000395       0x2d C:/ST/STM32CubeIDE_1.19.0/STM32CubeIDE/plugins/com.st.stm32cube.ide.mcu.externaltools.gnu-tools-for-stm32.13.3.rel1.win32_1.0.100.202509120712/tools/bin/../lib/gcc/arm-none-eabi/13.3.1/../../../../arm-none-eabi/lib/thumb/v7-m/nofp\libc_nano.a(libc_a-init.o)
 .ARM.attributes
                0x000003c2       0x1d C:/ST/STM32CubeIDE_1.19.0/STM32CubeIDE/plugins/com.st.stm32cube.ide.mcu.externaltools.gnu-tools-for-stm32.13.3.rel1.win32_1.0.100.202509120712/tools/bin/../lib/gcc/arm-none-eabi/13.3.1/thumb/v7-m/nofp/crtn.o
OUTPUT(Bootloader_STM32.elf elf32-littlearm)
LOAD linker stubs
LOAD C:/ST/STM32CubeIDE_1.19.0/STM32CubeIDE/plugins/com.st.stm32cube.ide.mcu.externaltools.gnu-tools-for-stm32.13.3.rel1.win32_1.0.100.202509120712/tools/bin/../lib/gcc/arm-none-eabi/13.3.1/../../../../arm-none-eabi/lib/thumb/v7-m/nofp\libc.a
LOAD C:/ST/STM32CubeIDE_1.19.0/STM32CubeIDE/plugins/com.st.stm32cube.ide.mcu.externaltools.gnu-tools-for-stm32.13.3.rel1.win32_1.0.100.202509120712/tools/bin/../lib/gcc/arm-none-eabi/13.3.1/../../../../arm-none-eabi/lib/thumb/v7-m/nofp\libm.a
LOAD C:/ST/STM32CubeIDE_1.19.0/STM32CubeIDE/plugins/com.st.stm32cube.ide.mcu.externaltools.gnu-tools-for-stm32.13.3.rel1.win32_1.0.100.202509120712/tools/bin/../lib/gcc/arm-none-eabi/13.3.1/thumb/v7-m/nofp\libgcc.a

.debug_info     0x00000000     0xbb13
 .debug_info    0x00000000      0x255 ./Core/Src/fonts.o
 .debug_info    0x00000255      0xf4f ./Core/Src/main.o
 .debug_info    0x000011a4      0xbd0 ./Core/Src/ssd1306.o
 .debug_info    0x00001d74      0xca2 ./Core/Src/stm32f1xx_hal_msp.o
 .debug_info    0x00002a16      0x5eb ./Core/Src/stm32f1xx_it.o
 .debug_info    0x00003001      0x222 ./Core/Src/system_stm32f1xx.o
 .debug_info    0x00003223       0x30 ./Core/Startup/startup_stm32f103c8tx.o
 .debug_info    0x00003253      0x593 ./Cores/src/UartBootloaderProtocolCore.o
 .debug_info    0x000037e6      0x2d3 ./Dependencies/src/UartBootloaderProtocolDepenedencies.o
 .debug_info    0x00003ab9      0x704 ./Drivers/STM32F1xx_HAL_Driver/Src/stm32f1xx_hal.o
 .debug_info    0x000041bd      0xa87 ./Drivers/STM32F1xx_HAL_Driver/Src/stm32f1xx_hal_cortex.o
 .debug_info    0x00004c44      0x6d2 ./Drivers/STM32F1xx_HAL_Driver/Src/stm32f1xx_hal_dma.o
 .debug_info    0x00005316      0x5ab ./Drivers/STM32F1xx_HAL_Driver/Src/stm32f1xx_hal_gpio.o
 .debug_info    0x000058c1     0x2524 ./Drivers/STM32F1xx_HAL_Driver/Src/stm32f1xx_hal_i2c.o
 .debug_info    0x00007de5      0x7d5 ./Drivers/STM32F1xx_HAL_Driver/Src/stm32f1xx_hal_rcc.o
 .debug_info    0x000085ba     0x2eed ./Drivers/STM32F1xx_HAL_Driver/Src/stm32f1xx_hal_uart.o
 .debug_info    0x0000b4a7       0xc5 ./Platform/STM32/TimerDriver.o
 .debug_info    0x0000b56c      0x5a7 ./Platform/STM32/UartDriver.o

.debug_abbrev   0x00000000     0x21a1
 .debug_abbrev  0x00000000      0x11c ./Core/Src/fonts.o
 .debug_abbrev  0x0000011c      0x312 ./Core/Src/main.o
 .debug_abbrev  0x0000042e      0x2a3 ./Core/Src/ssd1306.o
 .debug_abbrev  0x000006d1      0x1ca ./Core/Src/stm32f1xx_hal_msp.o
 .debug_abbrev  0x0000089b      0x176 ./Core/Src/stm32f1xx_it.o
 .debug_abbrev  0x00000a11      0x13f ./Core/Src/system_stm32f1xx.o
 .debug_abbrev  0x00000b50       0x24 ./Core/Startup/startup_stm32f103c8tx.o
 .debug_abbrev  0x00000b74      0x1b2 ./Cores/src/UartBootloaderProtocolCore.o
 .debug_abbrev  0x00000d26      0x185 ./Dependencies/src/UartBootloaderProtocolDepenedencies.o
 .debug_abbrev  0x00000eab      0x201 ./Drivers/STM32F1xx_HAL_Driver/Src/stm32f1xx_hal.o
 .debug_abbrev  0x000010ac      0x2f8 ./Drivers/STM32F1xx_HAL_Driver/Src/stm32f1xx_hal_cortex.o
 .debug_abbrev  0x000013a4      0x20b ./Drivers/STM32F1xx_HAL_Driver/Src/stm32f1xx_hal_dma.o
 .debug_abbrev  0x000015af      0x1ca ./Drivers/STM32F1xx_HAL_Driver/Src/stm32f1xx_hal_gpio.o
 .debug_abbrev  0x00001779      0x2a3 ./Drivers/STM32F1xx_HAL_Driver/Src/stm32f1xx_hal_i2c.o
 .debug_abbrev  0x00001a1c      0x2b3 ./Drivers/STM32F1xx_HAL_Driver/Src/stm32f1xx_hal_rcc.o
 .debug_abbrev  0x00001ccf      0x2f8 ./Drivers/STM32F1xx_HAL_Driver/Src/stm32f1xx_hal_uart.o
 .debug_abbrev  0x00001fc7       0x81 ./Platform/STM32/TimerDriver.o
 .debug_abbrev  0x00002048      0x159 ./Platform/STM32/UartDriver.o

.debug_aranges  0x00000000      0xb50
 .debug_aranges
                0x00000000       0x20 ./Core/Src/fonts.o
 .debug_aranges
                0x00000020       0x58 ./Core/Src/main.o
 .debug_aranges
                0x00000078       0xc0 ./Core/Src/ssd1306.o
 .debug_aranges
                0x00000138       0x40 ./Core/Src/stm32f1xx_hal_msp.o
 .debug_aranges
                0x00000178       0x68 ./Core/Src/stm32f1xx_it.o
 .debug_aranges
                0x000001e0       0x28 ./Core/Src/system_stm32f1xx.o
 .debug_aranges
                0x00000208       0x28 ./Core/Startup/startup_stm32f103c8tx.o
 .debug_aranges
                0x00000230       0xa0 ./Cores/src/UartBootloaderProtocolCore.o
 .debug_aranges
                0x000002d0       0x48 ./Dependencies/src/UartBootloaderProtocolDepenedencies.o
 .debug_aranges
                0x00000318       0xe0 ./Drivers/STM32F1xx_HAL_Driver/Src/stm32f1xx_hal.o
 .debug_aranges
                0x000003f8      0x100 ./Drivers/STM32F1xx_HAL_Driver/Src/stm32f1xx_hal_cortex.o
 .debug_aranges
                0x000004f8       0x80 ./Drivers/STM32F1xx_HAL_Driver/Src/stm32f1xx_hal_dma.o
 .debug_aranges
                0x00000578       0x58 ./Drivers/STM32F1xx_HAL_Driver/Src/stm32f1xx_hal_gpio.o
 .debug_aranges
                0x000005d0      0x2a8 ./Drivers/STM32F1xx_HAL_Driver/Src/stm32f1xx_hal_i2c.o
 .debug_aranges
                0x00000878       0x90 ./Drivers/STM32F1xx_HAL_Driver/Src/stm32f1xx_hal_rcc.o
 .debug_aranges
                0x00000908      0x208 ./Drivers/STM32F1xx_HAL_Driver/Src/stm32f1xx_hal_uart.o
 .debug_aranges
                0x00000b10       0x20 ./Platform/STM32/TimerDriver.o
 .debug_aranges
                0x00000b30       0x20 ./Platform/STM32/UartDriver.o

.debug_rnglists
                0x00000000      0x8bd
 .debug_rnglists
                0x00000000       0x13 ./Core/Src/fonts.o
 .debug_rnglists
                0x00000013       0x3e ./Core/Src/main.o
 .debug_rnglists
                0x00000051       0x92 ./Core/Src/ssd1306.o
 .debug_rnglists
                0x000000e3       0x2c ./Core/Src/stm32f1xx_hal_msp.o
 .debug_rnglists
                0x0000010f       0x49 ./Core/Src/stm32f1xx_it.o
 .debug_rnglists
                0x00000158       0x1a ./Core/Src/system_stm32f1xx.o
 .debug_rnglists
                0x00000172       0x19 ./Core/Startup/startup_stm32f103c8tx.o
 .debug_rnglists
                0x0000018b       0x75 ./Cores/src/UartBootloaderProtocolCore.o
 .debug_rnglists
                0x00000200       0x32 ./Dependencies/src/UartBootloaderProtocolDepenedencies.o
 .debug_rnglists
                0x00000232       0xa3 ./Drivers/STM32F1xx_HAL_Driver/Src/stm32f1xx_hal.o
 .debug_rnglists
                0x000002d5       0xbb ./Drivers/STM32F1xx_HAL_Driver/Src/stm32f1xx_hal_cortex.o
 .debug_rnglists
                0x00000390       0x64 ./Drivers/STM32F1xx_HAL_Driver/Src/stm32f1xx_hal_dma.o
 .debug_rnglists
                0x000003f4       0x3f ./Drivers/STM32F1xx_HAL_Driver/Src/stm32f1xx_hal_gpio.o
 .debug_rnglists
                0x00000433      0x23c ./Drivers/STM32F1xx_HAL_Driver/Src/stm32f1xx_hal_i2c.o
 .debug_rnglists
                0x0000066f       0x6c ./Drivers/STM32F1xx_HAL_Driver/Src/stm32f1xx_hal_rcc.o
 .debug_rnglists
                0x000006db      0x1bc ./Drivers/STM32F1xx_HAL_Driver/Src/stm32f1xx_hal_uart.o
 .debug_rnglists
                0x00000897       0x13 ./Platform/STM32/TimerDriver.o
 .debug_rnglists
                0x000008aa       0x13 ./Platform/STM32/UartDriver.o

.debug_macro    0x00000000    0x17fb3
 .debug_macro   0x00000000      0x27a ./Core/Src/fonts.o
 .debug_macro   0x0000027a      0xacc ./Core/Src/fonts.o
 .debug_macro   0x00000d46      0x21b ./Core/Src/fonts.o
 .debug_macro   0x00000f61       0x2e ./Core/Src/fonts.o
 .debug_macro   0x00000f8f       0x22 ./Core/Src/fonts.o
 .debug_macro   0x00000fb1       0x22 ./Core/Src/fonts.o
 .debug_macro   0x00000fd3       0x8e ./Core/Src/fonts.o
 .debug_macro   0x00001061       0x51 ./Core/Src/fonts.o
 .debug_macro   0x000010b2      0x103 ./Core/Src/fonts.o
 .debug_macro   0x000011b5       0x6a ./Core/Src/fonts.o
 .debug_macro   0x0000121f      0x1df ./Core/Src/fonts.o
 .debug_macro   0x000013fe       0x1c ./Core/Src/fonts.o
 .debug_macro   0x0000141a       0x22 ./Core/Src/fonts.o
 .debug_macro   0x0000143c       0xbd ./Core/Src/fonts.o
 .debug_macro   0x000014f9      0xd23 ./Core/Src/fonts.o
 .debug_macro   0x0000221c     0xe09e ./Core/Src/fonts.o
 .debug_macro   0x000102ba       0x6d ./Core/Src/fonts.o
 .debug_macro   0x00010327     0x34a2 ./Core/Src/fonts.o
 .debug_macro   0x000137c9      0x190 ./Core/Src/fonts.o
 .debug_macro   0x00013959       0x5c ./Core/Src/fonts.o
 .debug_macro   0x000139b5      0x5bc ./Core/Src/fonts.o
 .debug_macro   0x00013f71      0x289 ./Core/Src/fonts.o
 .debug_macro   0x000141fa      0x1cb ./Core/Src/fonts.o
 .debug_macro   0x000143c5      0x114 ./Core/Src/fonts.o
 .debug_macro   0x000144d9      0x1b2 ./Core/Src/fonts.o
 .debug_macro   0x0001468b       0x27 ./Core/Src/fonts.o
 .debug_macro   0x000146b2      0x136 ./Core/Src/fonts.o
 .debug_macro   0x000147e8      0x1bc ./Core/Src/fonts.o
 .debug_macro   0x000149a4       0x34 ./Core/Src/fonts.o
 .debug_macro   0x000149d8       0x3c ./Core/Src/fonts.o
 .debug_macro   0x00014a14       0x57 ./Core/Src/fonts.o
 .debug_macro   0x00014a6b       0x87 ./Core/Src/fonts.o
 .debug_macro   0x00014af2      0x240 ./Core/Src/fonts.o
 .debug_macro   0x00014d32      0x287 ./Core/Src/fonts.o
 .debug_macro   0x00014fb9      0x140 ./Core/Src/fonts.o
 .debug_macro   0x000150f9      0x28e ./Core/Src/fonts.o
 .debug_macro   0x00015387       0x83 ./Core/Src/fonts.o
 .debug_macro   0x0001540a       0x61 ./Core/Src/fonts.o
 .debug_macro   0x0001546b       0x24 ./Core/Src/fonts.o
 .debug_macro   0x0001548f       0x43 ./Core/Src/fonts.o
 .debug_macro   0x000154d2       0x34 ./Core/Src/fonts.o
 .debug_macro   0x00015506      0x370 ./Core/Src/fonts.o
 .debug_macro   0x00015876       0x16 ./Core/Src/fonts.o
 .debug_macro   0x0001588c       0x4a ./Core/Src/fonts.o
 .debug_macro   0x000158d6       0x34 ./Core/Src/fonts.o
 .debug_macro   0x0001590a       0x10 ./Core/Src/fonts.o
 .debug_macro   0x0001591a       0x58 ./Core/Src/fonts.o
 .debug_macro   0x00015972       0x8e ./Core/Src/fonts.o
 .debug_macro   0x00015a00       0x1c ./Core/Src/fonts.o
 .debug_macro   0x00015a1c      0x185 ./Core/Src/fonts.o
 .debug_macro   0x00015ba1       0x10 ./Core/Src/fonts.o
 .debug_macro   0x00015bb1       0x3c ./Core/Src/fonts.o
 .debug_macro   0x00015bed       0x20 ./Core/Src/fonts.o
 .debug_macro   0x00015c0d      0x345 ./Core/Src/main.o
 .debug_macro   0x00015f52       0x16 ./Core/Src/main.o
 .debug_macro   0x00015f68       0x16 ./Core/Src/main.o
 .debug_macro   0x00015f7e       0x29 ./Core/Src/main.o
 .debug_macro   0x00015fa7       0x53 ./Core/Src/main.o
 .debug_macro   0x00015ffa       0x1c ./Core/Src/main.o
 .debug_macro   0x00016016       0x10 ./Core/Src/main.o
 .debug_macro   0x00016026       0x1c ./Core/Src/main.o
 .debug_macro   0x00016042       0x16 ./Core/Src/main.o
 .debug_macro   0x00016058      0x146 ./Core/Src/main.o
 .debug_macro   0x0001619e       0x22 ./Core/Src/main.o
 .debug_macro   0x000161c0       0x16 ./Core/Src/main.o
 .debug_macro   0x000161d6      0x2d5 ./Core/Src/ssd1306.o
 .debug_macro   0x000164ab      0x1a2 ./Core/Src/stm32f1xx_hal_msp.o
 .debug_macro   0x0001664d      0x1ac ./Core/Src/stm32f1xx_it.o
 .debug_macro   0x000167f9      0x198 ./Core/Src/system_stm32f1xx.o
 .debug_macro   0x00016991      0x186 ./Cores/src/UartBootloaderProtocolCore.o
 .debug_macro   0x00016b17       0x16 ./Cores/src/UartBootloaderProtocolCore.o
 .debug_macro   0x00016b2d       0x9e ./Cores/src/UartBootloaderProtocolCore.o
 .debug_macro   0x00016bcb      0x112 ./Cores/src/UartBootloaderProtocolCore.o
 .debug_macro   0x00016cdd       0x16 ./Cores/src/UartBootloaderProtocolCore.o
 .debug_macro   0x00016cf3       0x16 ./Cores/src/UartBootloaderProtocolCore.o
 .debug_macro   0x00016d09      0x2e4 ./Dependencies/src/UartBootloaderProtocolDepenedencies.o
 .debug_macro   0x00016fed       0x56 ./Dependencies/src/UartBootloaderProtocolDepenedencies.o
 .debug_macro   0x00017043      0x1bc ./Drivers/STM32F1xx_HAL_Driver/Src/stm32f1xx_hal.o
 .debug_macro   0x000171ff      0x198 ./Drivers/STM32F1xx_HAL_Driver/Src/stm32f1xx_hal_cortex.o
 .debug_macro   0x00017397      0x198 ./Drivers/STM32F1xx_HAL_Driver/Src/stm32f1xx_hal_dma.o
 .debug_macro   0x0001752f      0x203 ./Drivers/STM32F1xx_HAL_Driver/Src/stm32f1xx_hal_gpio.o
 .debug_macro   0x00017732      0x1e6 ./Drivers/STM32F1xx_HAL_Driver/Src/stm32f1xx_hal_i2c.o
 .debug_macro   0x00017918      0x1aa ./Drivers/STM32F1xx_HAL_Driver/Src/stm32f1xx_hal_rcc.o
 .debug_macro   0x00017ac2      0x199 ./Drivers/STM32F1xx_HAL_Driver/Src/stm32f1xx_hal_uart.o
 .debug_macro   0x00017c5b      0x1ac ./Platform/STM32/TimerDriver.o
 .debug_macro   0x00017e07      0x1ac ./Platform/STM32/UartDriver.o

.debug_line     0x00000000     0xf6df
 .debug_line    0x00000000      0x858 ./Core/Src/fonts.o
 .debug_line    0x00000858      0xc66 ./Core/Src/main.o
 .debug_line    0x000014be      0xd64 ./Core/Src/ssd1306.o
 .debug_line    0x00002222      0x783 ./Core/Src/stm32f1xx_hal_msp.o
 .debug_line    0x000029a5      0x7a9 ./Core/Src/stm32f1xx_it.o
 .debug_line    0x0000314e      0x761 ./Core/Src/system_stm32f1xx.o
 .debug_line    0x000038af       0x78 ./Core/Startup/startup_stm32f103c8tx.o
 .debug_line    0x00003927      0x92a ./Cores/src/UartBootloaderProtocolCore.o
 .debug_line    0x00004251      0xafd ./Dependencies/src/UartBootloaderProtocolDepenedencies.o
 .debug_line    0x00004d4e      0x992 ./Drivers/STM32F1xx_HAL_Driver/Src/stm32f1xx_hal.o
 .debug_line    0x000056e0      0xb5c ./Drivers/STM32F1xx_HAL_Driver/Src/stm32f1xx_hal_cortex.o
 .debug_line    0x0000623c      0xd9c ./Drivers/STM32F1xx_HAL_Driver/Src/stm32f1xx_hal_dma.o
 .debug_line    0x00006fd8      0x9ef ./Drivers/STM32F1xx_HAL_Driver/Src/stm32f1xx_hal_gpio.o
 .debug_line    0x000079c7     0x3b8f ./Drivers/STM32F1xx_HAL_Driver/Src/stm32f1xx_hal_i2c.o
 .debug_line    0x0000b556      0xe4b ./Drivers/STM32F1xx_HAL_Driver/Src/stm32f1xx_hal_rcc.o
 .debug_line    0x0000c3a1     0x24ae ./Drivers/STM32F1xx_HAL_Driver/Src/stm32f1xx_hal_uart.o
 .debug_line    0x0000e84f      0x749 ./Platform/STM32/TimerDriver.o
 .debug_line    0x0000ef98      0x747 ./Platform/STM32/UartDriver.o

.debug_str      0x00000000    0x85100
 .debug_str     0x00000000    0x85100 ./Core/Src/fonts.o
                              0x8154b (size before relaxing)
 .debug_str     0x00085100        0x0 ./Core/Src/main.o
                              0x82bdd (size before relaxing)
 .debug_str     0x00085100        0x0 ./Core/Src/ssd1306.o
                              0x81f28 (size before relaxing)
 .debug_str     0x00085100        0x0 ./Core/Src/stm32f1xx_hal_msp.o
                              0x7ed5f (size before relaxing)
 .debug_str     0x00085100        0x0 ./Core/Src/stm32f1xx_it.o
                              0x7e777 (size before relaxing)
 .debug_str     0x00085100        0x0 ./Core/Src/system_stm32f1xx.o
                              0x7e352 (size before relaxing)
 .debug_str     0x00085100        0x0 ./Core/Startup/startup_stm32f103c8tx.o
                                 0x90 (size before relaxing)
 .debug_str     0x00085100        0x0 ./Cores/src/UartBootloaderProtocolCore.o
                               0x7dee (size before relaxing)
 .debug_str     0x00085100        0x0 ./Dependencies/src/UartBootloaderProtocolDepenedencies.o
                              0x81e3e (size before relaxing)
 .debug_str     0x00085100        0x0 ./Drivers/STM32F1xx_HAL_Driver/Src/stm32f1xx_hal.o
                              0x7ea85 (size before relaxing)
 .debug_str     0x00085100        0x0 ./Drivers/STM32F1xx_HAL_Driver/Src/stm32f1xx_hal_cortex.o
                              0x7e9d1 (size before relaxing)
 .debug_str     0x00085100        0x0 ./Drivers/STM32F1xx_HAL_Driver/Src/stm32f1xx_hal_dma.o
                              0x7e6fb (size before relaxing)
 .debug_str     0x00085100        0x0 ./Drivers/STM32F1xx_HAL_Driver/Src/stm32f1xx_hal_gpio.o
                              0x7e6d8 (size before relaxing)
 .debug_str     0x00085100        0x0 ./Drivers/STM32F1xx_HAL_Driver/Src/stm32f1xx_hal_i2c.o
                              0x7f419 (size before relaxing)
 .debug_str     0x00085100        0x0 ./Drivers/STM32F1xx_HAL_Driver/Src/stm32f1xx_hal_rcc.o
                              0x7e781 (size before relaxing)
 .debug_str     0x00085100        0x0 ./Drivers/STM32F1xx_HAL_Driver/Src/stm32f1xx_hal_uart.o
                              0x7edf2 (size before relaxing)
 .debug_str     0x00085100        0x0 ./Platform/STM32/TimerDriver.o
                              0x7e2d6 (size before relaxing)
 .debug_str     0x00085100        0x0 ./Platform/STM32/UartDriver.o
                              0x7e72c (size before relaxing)

.comment        0x00000000       0x86
 .comment       0x00000000       0x86 ./Core/Src/fonts.o
                                 0x44 (size before relaxing)
 .comment       0x00000086        0x0 ./Core/Src/main.o
                                 0x44 (size before relaxing)
 .comment       0x00000086        0x0 ./Core/Src/ssd1306.o
                                 0x44 (size before relaxing)
 .comment       0x00000086        0x0 ./Core/Src/stm32f1xx_hal_msp.o
                                 0x44 (size before relaxing)
 .comment       0x00000086        0x0 ./Core/Src/stm32f1xx_it.o
                                 0x44 (size before relaxing)
 .comment       0x00000086        0x0 ./Core/Src/system_stm32f1xx.o
                                 0x44 (size before relaxing)
 .comment       0x00000086        0x0 ./Cores/src/UartBootloaderProtocolCore.o
                                 0x44 (size before relaxing)
 .comment       0x00000086        0x0 ./Dependencies/src/UartBootloaderProtocolDepenedencies.o
                                 0x44 (size before relaxing)
 .comment       0x00000086        0x0 ./Drivers/STM32F1xx_HAL_Driver/Src/stm32f1xx_hal.o
                                 0x44 (size before relaxing)
 .comment       0x00000086        0x0 ./Drivers/STM32F1xx_HAL_Driver/Src/stm32f1xx_hal_cortex.o
                                 0x44 (size before relaxing)
 .comment       0x00000086        0x0 ./Drivers/STM32F1xx_HAL_Driver/Src/stm32f1xx_hal_dma.o
                                 0x44 (size before relaxing)
 .comment       0x00000086        0x0 ./Drivers/STM32F1xx_HAL_Driver/Src/stm32f1xx_hal_gpio.o
                                 0x44 (size before relaxing)
 .comment       0x00000086        0x0 ./Drivers/STM32F1xx_HAL_Driver/Src/stm32f1xx_hal_i2c.o
                                 0x44 (size before relaxing)
 .comment       0x00000086        0x0 ./Drivers/STM32F1xx_HAL_Driver/Src/stm32f1xx_hal_rcc.o
                                 0x44 (size before relaxing)
 .comment       0x00000086        0x0 ./Drivers/STM32F1xx_HAL_Driver/Src/stm32f1xx_hal_uart.o
                                 0x44 (size before relaxing)
 .comment       0x00000086        0x0 ./Platform/STM32/TimerDriver.o
                                 0x44 (size before relaxing)
 .comment       0x00000086        0x0 ./Platform/STM32/UartDriver.o
                                 0x44 (size before relaxing)

.debug_frame    0x00000000     0x2d30
 .debug_frame   0x00000000       0x38 ./Core/Src/fonts.o
 .debug_frame   0x00000038      0x110 ./Core/Src/main.o
 .debug_frame   0x00000148      0x300 ./Core/Src/ssd1306.o
 .debug_frame   0x00000448       0xc8 ./Core/Src/stm32f1xx_hal_msp.o
 .debug_frame   0x00000510      0x120 ./Core/Src/stm32f1xx_it.o
 .debug_frame   0x00000630       0x58 ./Core/Src/system_stm32f1xx.o
 .debug_frame   0x00000688      0x298 ./Cores/src/UartBootloaderProtocolCore.o
 .debug_frame   0x00000920       0xcc ./Dependencies/src/UartBootloaderProtocolDepenedencies.o
 .debug_frame   0x000009ec      0x334 ./Drivers/STM32F1xx_HAL_Driver/Src/stm32f1xx_hal.o
 .debug_frame   0x00000d20      0x428 ./Drivers/STM32F1xx_HAL_Driver/Src/stm32f1xx_hal_cortex.o
 .debug_frame   0x00001148      0x208 ./Drivers/STM32F1xx_HAL_Driver/Src/stm32f1xx_hal_dma.o
 .debug_frame   0x00001350      0x14c ./Drivers/STM32F1xx_HAL_Driver/Src/stm32f1xx_hal_gpio.o
 .debug_frame   0x0000149c      0xc84 ./Drivers/STM32F1xx_HAL_Driver/Src/stm32f1xx_hal_i2c.o
 .debug_frame   0x00002120      0x218 ./Drivers/STM32F1xx_HAL_Driver/Src/stm32f1xx_hal_rcc.o
 .debug_frame   0x00002338      0x944 ./Drivers/STM32F1xx_HAL_Driver/Src/stm32f1xx_hal_uart.o
 .debug_frame   0x00002c7c       0x34 ./Platform/STM32/TimerDriver.o
 .debug_frame   0x00002cb0       0x34 ./Platform/STM32/UartDriver.o
 .debug_frame   0x00002ce4       0x20 C:/ST/STM32CubeIDE_1.19.0/STM32CubeIDE/plugins/com.st.stm32cube.ide.mcu.externaltools.gnu-tools-for-stm32.13.3.rel1.win32_1.0.100.202509120712/tools/bin/../lib/gcc/arm-none-eabi/13.3.1/../../../../arm-none-eabi/lib/thumb/v7-m/nofp\libc_nano.a(libc_a-memset.o)
 .debug_frame   0x00002d04       0x2c C:/ST/STM32CubeIDE_1.19.0/STM32CubeIDE/plugins/com.st.stm32cube.ide.mcu.externaltools.gnu-tools-for-stm32.13.3.rel1.win32_1.0.100.202509120712/tools/bin/../lib/gcc/arm-none-eabi/13.3.1/../../../../arm-none-eabi/lib/thumb/v7-m/nofp\libc_nano.a(libc_a-init.o)

.debug_line_str
                0x00000000       0x74
 .debug_line_str
                0x00000000       0x74 ./Core/Startup/startup_stm32f103c8tx.o
